2026/01/22 10:10:48 --- ImageFinder Debug Log Started at 2026-01-22T10:10:48+09:00 ---
2026/01/22 10:10:48 INFO: Searching for similar images to /Users/z/Downloads/VB/TESTS/lowres_samples/000058350025_medium.jpg with threshold 0.500000
2026/01/22 10:10:48 INFO: Registered specialized CR3ExiftoolLoader
2026/01/22 10:10:48 INFO: Query image hashes: avgHash=fcfefc0000000000, pHash=c0c0ca1f2f6d65e6
2026/01/22 10:10:48 Match found: /Users/z/Downloads/VB/TESTS/new_F100/000058350015.jpg (score: 0.6844, avgHash: 0.7500, pHash: 0.6562, filenameBoost: 0.0000)
2026/01/22 10:10:48 Match found: /Users/z/Downloads/VB/TESTS/new_F100/000058360007.jpg (score: 0.5687, avgHash: 0.6562, pHash: 0.5312, filenameBoost: 0.0000)
2026/01/22 10:10:48 Match found: /Users/z/Downloads/VB/TESTS/new_F100/000058370036.jpg (score: 0.5312, avgHash: 0.5312, pHash: 0.5312, filenameBoost: 0.0000)
2026/01/22 10:10:48 Near miss: /Users/z/Downloads/VB/TESTS/new_F100/000058360036.jpg (score: 0.4797, avgHash: 0.3594, pHash: 0.5312, filenameBoost: 0.0000)
2026/01/22 10:10:48 Match found: /Users/z/Downloads/VB/TESTS/new_F100/000058350032.jpg (score: 0.6203, avgHash: 0.8281, pHash: 0.5312, filenameBoost: 0.0000)
2026/01/22 10:10:48 Match found: /Users/z/Downloads/VB/TESTS/new_F100/000058360022.jpg (score: 0.5859, avgHash: 0.6406, pHash: 0.5625, filenameBoost: 0.0000)
2026/01/22 10:10:48 Match found: /Users/z/Downloads/VB/TESTS/new_F100/000058360023.jpg (score: 0.5500, avgHash: 0.5938, pHash: 0.5312, filenameBoost: 0.0000)
2026/01/22 10:10:48 Match found: /Users/z/Downloads/VB/TESTS/new_F100/000058360021.jpg (score: 0.6250, avgHash: 0.6250, pHash: 0.6250, filenameBoost: 0.0000)
2026/01/22 10:10:48 Match found: /Users/z/Downloads/VB/TESTS/new_F100/000058360002.jpg (score: 0.5453, avgHash: 0.5781, pHash: 0.5312, filenameBoost: 0.0000)
2026/01/22 10:10:48 Match found: /Users/z/Downloads/VB/TESTS/new_F100/000058360027.jpg (score: 0.5094, avgHash: 0.5312, pHash: 0.5000, filenameBoost: 0.0000)
2026/01/22 10:10:48 Match found: /Users/z/Downloads/VB/TESTS/new_F100/000058360009.jpg (score: 0.5219, avgHash: 0.7188, pHash: 0.4375, filenameBoost: 0.0000)
2026/01/22 10:10:48 Match found: /Users/z/Downloads/VB/TESTS/new_F100/000058360025.jpg (score: 0.6266, avgHash: 0.7031, pHash: 0.5938, filenameBoost: 0.0000)
2026/01/22 10:10:48 Match found: /Users/z/Downloads/VB/TESTS/new_F100/000058360026.jpg (score: 0.5234, avgHash: 0.5781, pHash: 0.5000, filenameBoost: 0.0000)
2026/01/22 10:10:48 Match found: /Users/z/Downloads/VB/TESTS/new_F100/000058360028.jpg (score: 0.6125, avgHash: 0.6562, pHash: 0.5938, filenameBoost: 0.0000)
2026/01/22 10:10:48 Match found: /Users/z/Downloads/VB/TESTS/new_F100/000058360029.jpg (score: 0.5531, avgHash: 0.5312, pHash: 0.5625, filenameBoost: 0.0000)
2026/01/22 10:10:48 Match found: /Users/z/Downloads/VB/TESTS/new_F100/000058370001.jpg (score: 0.5875, avgHash: 0.7188, pHash: 0.5312, filenameBoost: 0.0000)
2026/01/22 10:10:48 Match found: /Users/z/Downloads/VB/TESTS/new_F100/000058350002.jpg (score: 0.6281, avgHash: 0.5625, pHash: 0.6562, filenameBoost: 0.0000)
2026/01/22 10:10:48 Match found: /Users/z/Downloads/VB/TESTS/new_F100/000058370004.jpg (score: 0.5328, avgHash: 0.6094, pHash: 0.5000, filenameBoost: 0.0000)
2026/01/22 10:10:48 Match found: /Users/z/Downloads/VB/TESTS/new_F100/000058350027.jpg (score: 0.5156, avgHash: 0.6250, pHash: 0.4688, filenameBoost: 0.0000)
2026/01/22 10:10:48 Match found: /Users/z/Downloads/VB/TESTS/new_F100/000058370006.jpg (score: 0.5312, avgHash: 0.5312, pHash: 0.5312, filenameBoost: 0.0000)
2026/01/22 10:10:48 Match found: /Users/z/Downloads/VB/TESTS/new_F100/000058350025.jpg (score: 1.1500, avgHash: 1.0000, pHash: 1.0000, filenameBoost: 0.1500)
2026/01/22 10:10:48 Match found: /Users/z/Downloads/VB/TESTS/new_F100/000058370003.jpg (score: 0.5375, avgHash: 0.8438, pHash: 0.4062, filenameBoost: 0.0000)
2026/01/22 10:10:48 Match found: /Users/z/Downloads/VB/TESTS/new_F100/000058370027.jpg (score: 0.5406, avgHash: 0.3438, pHash: 0.6250, filenameBoost: 0.0000)
2026/01/22 10:10:48 Match found: /Users/z/Downloads/VB/TESTS/new_F100/000058370019.jpg (score: 0.5062, avgHash: 0.3750, pHash: 0.5625, filenameBoost: 0.0000)
2026/01/22 10:10:48 Near miss: /Users/z/Downloads/VB/TESTS/new_F100/000058370002.jpg (score: 0.4969, avgHash: 0.5625, pHash: 0.4688, filenameBoost: 0.0000)
2026/01/22 10:10:48 Match found: /Users/z/Downloads/VB/TESTS/new_F100/000058370022.jpg (score: 0.5844, avgHash: 0.5625, pHash: 0.5938, filenameBoost: 0.0000)
2026/01/22 10:10:48 Match found: /Users/z/Downloads/VB/TESTS/new_F100/000058370028.jpg (score: 0.5250, avgHash: 0.4375, pHash: 0.5625, filenameBoost: 0.0000)
2026/01/22 10:10:48 Match found: /Users/z/Downloads/VB/TESTS/new_F100/000058350026.jpg (score: 0.5344, avgHash: 0.6875, pHash: 0.4688, filenameBoost: 0.0000)
2026/01/22 10:10:48 Match found: /Users/z/Downloads/VB/TESTS/new_F100/000058370009.jpg (score: 0.5891, avgHash: 0.5781, pHash: 0.5938, filenameBoost: 0.0000)
2026/01/22 10:10:48 Near miss: /Users/z/Downloads/VB/TESTS/new_F100/000058370014.jpg (score: 0.4875, avgHash: 0.5312, pHash: 0.4688, filenameBoost: 0.0000)
2026/01/22 10:10:48 Match found: /Users/z/Downloads/VB/TESTS/new_F100/000058370015.jpg (score: 0.5234, avgHash: 0.5781, pHash: 0.5000, filenameBoost: 0.0000)
2026/01/22 10:10:48 Match found: /Users/z/Downloads/VB/TESTS/new_F100/000058370030.jpg (score: 0.5281, avgHash: 0.3750, pHash: 0.5938, filenameBoost: 0.0000)
2026/01/22 10:10:48 Near miss: /Users/z/Downloads/VB/TESTS/new_F100/000058370016.jpg (score: 0.4703, avgHash: 0.3281, pHash: 0.5312, filenameBoost: 0.0000)
2026/01/22 10:10:48 Match found: /Users/z/Downloads/VB/TESTS/new_F100/000058370025.jpg (score: 0.5187, avgHash: 0.3438, pHash: 0.5938, filenameBoost: 0.0000)
2026/01/22 10:10:48 Match found: /Users/z/Downloads/VB/TESTS/new_F100/000058370024.jpg (score: 0.5578, avgHash: 0.5469, pHash: 0.5625, filenameBoost: 0.0000)
2026/01/22 10:10:48 Near miss: /Users/z/Downloads/VB/TESTS/new_F100/000058370026.jpg (score: 0.4969, avgHash: 0.3438, pHash: 0.5625, filenameBoost: 0.0000)
2026/01/22 10:10:48 Match found: /Users/z/Downloads/VB/TESTS/new_F100/000058370023.jpg (score: 0.5922, avgHash: 0.5156, pHash: 0.6250, filenameBoost: 0.0000)
2026/01/22 10:10:48 INFO: Found 32 matches above threshold 0.50
2026/01/22 10:11:37 --- ImageFinder Debug Log Started at 2026-01-22T10:11:37+09:00 ---
2026/01/22 10:11:37 INFO: Searching for similar images to /Users/z/Downloads/VB/TESTS/lowres_samples/000058350025_thumb.jpg with threshold 0.500000
2026/01/22 10:11:37 INFO: Registered specialized CR3ExiftoolLoader
2026/01/22 10:11:37 INFO: Query image hashes: avgHash=fcfefe0000000000, pHash=c0c0c25f2f6d65e6
2026/01/22 10:11:37 Match found: /Users/z/Downloads/VB/TESTS/new_F100/000058350015.jpg (score: 0.6891, avgHash: 0.7656, pHash: 0.6562, filenameBoost: 0.0000)
2026/01/22 10:11:37 Match found: /Users/z/Downloads/VB/TESTS/new_F100/000058360007.jpg (score: 0.5641, avgHash: 0.6406, pHash: 0.5312, filenameBoost: 0.0000)
2026/01/22 10:11:37 Match found: /Users/z/Downloads/VB/TESTS/new_F100/000058370036.jpg (score: 0.5047, avgHash: 0.5156, pHash: 0.5000, filenameBoost: 0.0000)
2026/01/22 10:11:37 Near miss: /Users/z/Downloads/VB/TESTS/new_F100/000058360036.jpg (score: 0.4844, avgHash: 0.3750, pHash: 0.5312, filenameBoost: 0.0000)
2026/01/22 10:11:37 Match found: /Users/z/Downloads/VB/TESTS/new_F100/000058350032.jpg (score: 0.5938, avgHash: 0.8125, pHash: 0.5000, filenameBoost: 0.0000)
2026/01/22 10:11:37 Match found: /Users/z/Downloads/VB/TESTS/new_F100/000058360022.jpg (score: 0.5812, avgHash: 0.6250, pHash: 0.5625, filenameBoost: 0.0000)
2026/01/22 10:11:37 Match found: /Users/z/Downloads/VB/TESTS/new_F100/000058360023.jpg (score: 0.5234, avgHash: 0.5781, pHash: 0.5000, filenameBoost: 0.0000)
2026/01/22 10:11:37 Match found: /Users/z/Downloads/VB/TESTS/new_F100/000058360021.jpg (score: 0.6203, avgHash: 0.6094, pHash: 0.6250, filenameBoost: 0.0000)
2026/01/22 10:11:37 Match found: /Users/z/Downloads/VB/TESTS/new_F100/000058360002.jpg (score: 0.5500, avgHash: 0.5938, pHash: 0.5312, filenameBoost: 0.0000)
2026/01/22 10:11:37 Match found: /Users/z/Downloads/VB/TESTS/new_F100/000058360027.jpg (score: 0.5141, avgHash: 0.5469, pHash: 0.5000, filenameBoost: 0.0000)
2026/01/22 10:11:37 Match found: /Users/z/Downloads/VB/TESTS/new_F100/000058360009.jpg (score: 0.5266, avgHash: 0.7344, pHash: 0.4375, filenameBoost: 0.0000)
2026/01/22 10:11:37 Match found: /Users/z/Downloads/VB/TESTS/new_F100/000058360025.jpg (score: 0.6531, avgHash: 0.7188, pHash: 0.6250, filenameBoost: 0.0000)
2026/01/22 10:11:37 Match found: /Users/z/Downloads/VB/TESTS/new_F100/000058360026.jpg (score: 0.5062, avgHash: 0.5938, pHash: 0.4688, filenameBoost: 0.0000)
2026/01/22 10:11:37 Match found: /Users/z/Downloads/VB/TESTS/new_F100/000058360028.jpg (score: 0.6078, avgHash: 0.6406, pHash: 0.5938, filenameBoost: 0.0000)
2026/01/22 10:11:37 Match found: /Users/z/Downloads/VB/TESTS/new_F100/000058360029.jpg (score: 0.5266, avgHash: 0.5156, pHash: 0.5312, filenameBoost: 0.0000)
2026/01/22 10:11:37 Match found: /Users/z/Downloads/VB/TESTS/new_F100/000058370001.jpg (score: 0.5922, avgHash: 0.7344, pHash: 0.5312, filenameBoost: 0.0000)
2026/01/22 10:11:37 Match found: /Users/z/Downloads/VB/TESTS/new_F100/000058350002.jpg (score: 0.6109, avgHash: 0.5781, pHash: 0.6250, filenameBoost: 0.0000)
2026/01/22 10:11:37 Match found: /Users/z/Downloads/VB/TESTS/new_F100/000058370004.jpg (score: 0.5281, avgHash: 0.5938, pHash: 0.5000, filenameBoost: 0.0000)
2026/01/22 10:11:37 Match found: /Users/z/Downloads/VB/TESTS/new_F100/000058350027.jpg (score: 0.5422, avgHash: 0.6406, pHash: 0.5000, filenameBoost: 0.0000)
2026/01/22 10:11:37 Match found: /Users/z/Downloads/VB/TESTS/new_F100/000058370006.jpg (score: 0.5359, avgHash: 0.5469, pHash: 0.5312, filenameBoost: 0.0000)
2026/01/22 10:11:37 Match found: /Users/z/Downloads/VB/TESTS/new_F100/000058350025.jpg (score: 1.1234, avgHash: 0.9844, pHash: 0.9688, filenameBoost: 0.1500)
2026/01/22 10:11:37 Match found: /Users/z/Downloads/VB/TESTS/new_F100/000058370003.jpg (score: 0.5547, avgHash: 0.8281, pHash: 0.4375, filenameBoost: 0.0000)
2026/01/22 10:11:37 Match found: /Users/z/Downloads/VB/TESTS/new_F100/000058370027.jpg (score: 0.5359, avgHash: 0.3281, pHash: 0.6250, filenameBoost: 0.0000)
2026/01/22 10:11:37 Near miss: /Users/z/Downloads/VB/TESTS/new_F100/000058370019.jpg (score: 0.4797, avgHash: 0.3594, pHash: 0.5312, filenameBoost: 0.0000)
2026/01/22 10:11:37 Match found: /Users/z/Downloads/VB/TESTS/new_F100/000058370002.jpg (score: 0.5016, avgHash: 0.5781, pHash: 0.4688, filenameBoost: 0.0000)
2026/01/22 10:11:37 Match found: /Users/z/Downloads/VB/TESTS/new_F100/000058370022.jpg (score: 0.6109, avgHash: 0.5781, pHash: 0.6250, filenameBoost: 0.0000)
2026/01/22 10:11:37 Match found: /Users/z/Downloads/VB/TESTS/new_F100/000058370028.jpg (score: 0.5422, avgHash: 0.4219, pHash: 0.5938, filenameBoost: 0.0000)
2026/01/22 10:11:37 Match found: /Users/z/Downloads/VB/TESTS/new_F100/000058350026.jpg (score: 0.5078, avgHash: 0.6719, pHash: 0.4375, filenameBoost: 0.0000)
2026/01/22 10:11:37 Match found: /Users/z/Downloads/VB/TESTS/new_F100/000058370009.jpg (score: 0.5625, avgHash: 0.5625, pHash: 0.5625, filenameBoost: 0.0000)
2026/01/22 10:11:37 Near miss: /Users/z/Downloads/VB/TESTS/new_F100/000058370014.jpg (score: 0.4609, avgHash: 0.5156, pHash: 0.4375, filenameBoost: 0.0000)
2026/01/22 10:11:37 Near miss: /Users/z/Downloads/VB/TESTS/new_F100/000058370015.jpg (score: 0.4969, avgHash: 0.5625, pHash: 0.4688, filenameBoost: 0.0000)
2026/01/22 10:11:37 Match found: /Users/z/Downloads/VB/TESTS/new_F100/000058370030.jpg (score: 0.5234, avgHash: 0.3594, pHash: 0.5938, filenameBoost: 0.0000)
2026/01/22 10:11:37 Match found: /Users/z/Downloads/VB/TESTS/new_F100/000058370025.jpg (score: 0.5141, avgHash: 0.3281, pHash: 0.5938, filenameBoost: 0.0000)
2026/01/22 10:11:37 Match found: /Users/z/Downloads/VB/TESTS/new_F100/000058370024.jpg (score: 0.5844, avgHash: 0.5625, pHash: 0.5938, filenameBoost: 0.0000)
2026/01/22 10:11:37 Near miss: /Users/z/Downloads/VB/TESTS/new_F100/000058370026.jpg (score: 0.4922, avgHash: 0.3281, pHash: 0.5625, filenameBoost: 0.0000)
2026/01/22 10:11:37 Match found: /Users/z/Downloads/VB/TESTS/new_F100/000058370023.jpg (score: 0.6188, avgHash: 0.5312, pHash: 0.6562, filenameBoost: 0.0000)
2026/01/22 10:11:37 INFO: Found 31 matches above threshold 0.50
2026/01/22 10:19:28 --- ImageFinder Debug Log Started at 2026-01-22T10:19:28+09:00 ---
2026/01/22 10:19:28 INFO: Searching for similar images to /Users/z/Downloads/VB/TESTS/lowres_samples/000058350025_thumb.jpg with threshold 0.800000
2026/01/22 10:19:28 INFO: Registered specialized CR3ExiftoolLoader
2026/01/22 10:19:28 INFO: Query image hashes: avgHash=fcfefe0000000000, pHash=c0c0c25f2f6d65e6
2026/01/22 10:19:28 Near miss: /Users/z/Downloads/VB/TESTS/new_F100/000058350015.jpg (score: 0.6891, avgHash: 0.7656, pHash: 0.6562, filenameBoost: 0.0000)
2026/01/22 10:19:28 Near miss: /Users/z/Downloads/VB/TESTS/new_F100/000058360007.jpg (score: 0.5641, avgHash: 0.6406, pHash: 0.5312, filenameBoost: 0.0000)
2026/01/22 10:19:28 Near miss: /Users/z/Downloads/VB/TESTS/new_F100/000058370036.jpg (score: 0.5047, avgHash: 0.5156, pHash: 0.5000, filenameBoost: 0.0000)
2026/01/22 10:19:28 Near miss: /Users/z/Downloads/VB/TESTS/new_F100/000058360036.jpg (score: 0.4844, avgHash: 0.3750, pHash: 0.5312, filenameBoost: 0.0000)
2026/01/22 10:19:28 Near miss: /Users/z/Downloads/VB/TESTS/new_F100/000058350032.jpg (score: 0.5938, avgHash: 0.8125, pHash: 0.5000, filenameBoost: 0.0000)
2026/01/22 10:19:28 Near miss: /Users/z/Downloads/VB/TESTS/new_F100/000058360022.jpg (score: 0.5812, avgHash: 0.6250, pHash: 0.5625, filenameBoost: 0.0000)
2026/01/22 10:19:28 Near miss: /Users/z/Downloads/VB/TESTS/new_F100/000058360023.jpg (score: 0.5234, avgHash: 0.5781, pHash: 0.5000, filenameBoost: 0.0000)
2026/01/22 10:19:28 Near miss: /Users/z/Downloads/VB/TESTS/new_F100/000058360021.jpg (score: 0.6203, avgHash: 0.6094, pHash: 0.6250, filenameBoost: 0.0000)
2026/01/22 10:19:28 Near miss: /Users/z/Downloads/VB/TESTS/new_F100/000058360002.jpg (score: 0.5500, avgHash: 0.5938, pHash: 0.5312, filenameBoost: 0.0000)
2026/01/22 10:19:28 Near miss: /Users/z/Downloads/VB/TESTS/new_F100/000058360027.jpg (score: 0.5141, avgHash: 0.5469, pHash: 0.5000, filenameBoost: 0.0000)
2026/01/22 10:19:28 Near miss: /Users/z/Downloads/VB/TESTS/new_F100/000058360009.jpg (score: 0.5266, avgHash: 0.7344, pHash: 0.4375, filenameBoost: 0.0000)
2026/01/22 10:19:28 Near miss: /Users/z/Downloads/VB/TESTS/new_F100/000058360025.jpg (score: 0.6531, avgHash: 0.7188, pHash: 0.6250, filenameBoost: 0.0000)
2026/01/22 10:19:28 Near miss: /Users/z/Downloads/VB/TESTS/new_F100/000058360026.jpg (score: 0.5062, avgHash: 0.5938, pHash: 0.4688, filenameBoost: 0.0000)
2026/01/22 10:19:28 Near miss: /Users/z/Downloads/VB/TESTS/new_F100/000058360028.jpg (score: 0.6078, avgHash: 0.6406, pHash: 0.5938, filenameBoost: 0.0000)
2026/01/22 10:19:28 Near miss: /Users/z/Downloads/VB/TESTS/new_F100/000058360029.jpg (score: 0.5266, avgHash: 0.5156, pHash: 0.5312, filenameBoost: 0.0000)
2026/01/22 10:19:28 Near miss: /Users/z/Downloads/VB/TESTS/new_F100/000058370001.jpg (score: 0.5922, avgHash: 0.7344, pHash: 0.5312, filenameBoost: 0.0000)
2026/01/22 10:19:28 Near miss: /Users/z/Downloads/VB/TESTS/new_F100/000058350002.jpg (score: 0.6109, avgHash: 0.5781, pHash: 0.6250, filenameBoost: 0.0000)
2026/01/22 10:19:28 Near miss: /Users/z/Downloads/VB/TESTS/new_F100/000058370004.jpg (score: 0.5281, avgHash: 0.5938, pHash: 0.5000, filenameBoost: 0.0000)
2026/01/22 10:19:28 Near miss: /Users/z/Downloads/VB/TESTS/new_F100/000058350027.jpg (score: 0.5422, avgHash: 0.6406, pHash: 0.5000, filenameBoost: 0.0000)
2026/01/22 10:19:28 Near miss: /Users/z/Downloads/VB/TESTS/new_F100/000058370006.jpg (score: 0.5359, avgHash: 0.5469, pHash: 0.5312, filenameBoost: 0.0000)
2026/01/22 10:19:28 Match found: /Users/z/Downloads/VB/TESTS/new_F100/000058350025.jpg (score: 1.1234, avgHash: 0.9844, pHash: 0.9688, filenameBoost: 0.1500)
2026/01/22 10:19:28 Near miss: /Users/z/Downloads/VB/TESTS/new_F100/000058370003.jpg (score: 0.5547, avgHash: 0.8281, pHash: 0.4375, filenameBoost: 0.0000)
2026/01/22 10:19:28 Near miss: /Users/z/Downloads/VB/TESTS/new_F100/000058370027.jpg (score: 0.5359, avgHash: 0.3281, pHash: 0.6250, filenameBoost: 0.0000)
2026/01/22 10:19:28 Near miss: /Users/z/Downloads/VB/TESTS/new_F100/000058370019.jpg (score: 0.4797, avgHash: 0.3594, pHash: 0.5312, filenameBoost: 0.0000)
2026/01/22 10:19:28 Near miss: /Users/z/Downloads/VB/TESTS/new_F100/000058370002.jpg (score: 0.5016, avgHash: 0.5781, pHash: 0.4688, filenameBoost: 0.0000)
2026/01/22 10:19:28 Near miss: /Users/z/Downloads/VB/TESTS/new_F100/000058370022.jpg (score: 0.6109, avgHash: 0.5781, pHash: 0.6250, filenameBoost: 0.0000)
2026/01/22 10:19:28 Near miss: /Users/z/Downloads/VB/TESTS/new_F100/000058370028.jpg (score: 0.5422, avgHash: 0.4219, pHash: 0.5938, filenameBoost: 0.0000)
2026/01/22 10:19:28 Near miss: /Users/z/Downloads/VB/TESTS/new_F100/000058350026.jpg (score: 0.5078, avgHash: 0.6719, pHash: 0.4375, filenameBoost: 0.0000)
2026/01/22 10:19:28 Near miss: /Users/z/Downloads/VB/TESTS/new_F100/000058370009.jpg (score: 0.5625, avgHash: 0.5625, pHash: 0.5625, filenameBoost: 0.0000)
2026/01/22 10:19:28 Near miss: /Users/z/Downloads/VB/TESTS/new_F100/000058370014.jpg (score: 0.4609, avgHash: 0.5156, pHash: 0.4375, filenameBoost: 0.0000)
2026/01/22 10:19:28 Near miss: /Users/z/Downloads/VB/TESTS/new_F100/000058370015.jpg (score: 0.4969, avgHash: 0.5625, pHash: 0.4688, filenameBoost: 0.0000)
2026/01/22 10:19:28 Near miss: /Users/z/Downloads/VB/TESTS/new_F100/000058370030.jpg (score: 0.5234, avgHash: 0.3594, pHash: 0.5938, filenameBoost: 0.0000)
2026/01/22 10:19:28 Near miss: /Users/z/Downloads/VB/TESTS/new_F100/000058370025.jpg (score: 0.5141, avgHash: 0.3281, pHash: 0.5938, filenameBoost: 0.0000)
2026/01/22 10:19:28 Near miss: /Users/z/Downloads/VB/TESTS/new_F100/000058370024.jpg (score: 0.5844, avgHash: 0.5625, pHash: 0.5938, filenameBoost: 0.0000)
2026/01/22 10:19:28 Near miss: /Users/z/Downloads/VB/TESTS/new_F100/000058370026.jpg (score: 0.4922, avgHash: 0.3281, pHash: 0.5625, filenameBoost: 0.0000)
2026/01/22 10:19:28 Near miss: /Users/z/Downloads/VB/TESTS/new_F100/000058370023.jpg (score: 0.6188, avgHash: 0.5312, pHash: 0.6562, filenameBoost: 0.0000)
2026/01/22 10:19:28 INFO: Found 1 matches above threshold 0.80
2026/01/22 10:30:20 --- ImageFinder Debug Log Started at 2026-01-22T10:30:20+09:00 ---
2026/01/22 10:30:20 INFO: Searching for similar images to /Users/z/Downloads/VB/TESTS/lowres_samples/000058370030_small.jpg with threshold 0.500000
2026/01/22 10:30:20 INFO: Registered specialized CR3ExiftoolLoader
2026/01/22 10:30:20 INFO: Query image hashes: avgHash=000000183c7c7c7c, pHash=d834639e9dc936c2
2026/01/22 10:30:20 Match found: /Users/z/Downloads/VB/TESTS/new_F100/000058350007.jpg (score: 0.5328, avgHash: 0.6094, pHash: 0.5000, filenameBoost: 0.0000)
2026/01/22 10:30:20 Near miss: /Users/z/Downloads/VB/TESTS/new_F100/000058350015.jpg (score: 0.4656, avgHash: 0.3125, pHash: 0.5312, filenameBoost: 0.0000)
2026/01/22 10:30:20 Match found: /Users/z/Downloads/VB/TESTS/new_F100/000058360018.jpg (score: 0.6328, avgHash: 0.7969, pHash: 0.5625, filenameBoost: 0.0000)
2026/01/22 10:30:20 Match found: /Users/z/Downloads/VB/TESTS/new_F100/000058370036.jpg (score: 0.5750, avgHash: 0.7500, pHash: 0.5000, filenameBoost: 0.0000)
2026/01/22 10:30:20 Match found: /Users/z/Downloads/VB/TESTS/new_F100/000058360036.jpg (score: 0.5797, avgHash: 0.5469, pHash: 0.5938, filenameBoost: 0.0000)
2026/01/22 10:30:20 Match found: /Users/z/Downloads/VB/TESTS/new_F100/000058350032.jpg (score: 0.5422, avgHash: 0.4219, pHash: 0.5938, filenameBoost: 0.0000)
2026/01/22 10:30:20 Match found: /Users/z/Downloads/VB/TESTS/new_F100/000058360022.jpg (score: 0.5922, avgHash: 0.5156, pHash: 0.6250, filenameBoost: 0.0000)
2026/01/22 10:30:20 Near miss: /Users/z/Downloads/VB/TESTS/new_F100/000058360023.jpg (score: 0.4687, avgHash: 0.6875, pHash: 0.3750, filenameBoost: 0.0000)
2026/01/22 10:30:20 Match found: /Users/z/Downloads/VB/TESTS/new_F100/000058360019.jpg (score: 0.6547, avgHash: 0.7969, pHash: 0.5938, filenameBoost: 0.0000)
2026/01/22 10:30:20 Match found: /Users/z/Downloads/VB/TESTS/new_F100/000058360021.jpg (score: 0.5187, avgHash: 0.5625, pHash: 0.5000, filenameBoost: 0.0000)
2026/01/22 10:30:20 Match found: /Users/z/Downloads/VB/TESTS/new_F100/000058350001.jpg (score: 0.5563, avgHash: 0.6875, pHash: 0.5000, filenameBoost: 0.0000)
2026/01/22 10:30:20 Match found: /Users/z/Downloads/VB/TESTS/new_F100/000058360027.jpg (score: 0.5906, avgHash: 0.6562, pHash: 0.5625, filenameBoost: 0.0000)
2026/01/22 10:30:20 Match found: /Users/z/Downloads/VB/TESTS/new_F100/000058360029.jpg (score: 0.5375, avgHash: 0.6250, pHash: 0.5000, filenameBoost: 0.0000)
2026/01/22 10:30:20 Match found: /Users/z/Downloads/VB/TESTS/new_F100/000058360030.jpg (score: 0.5469, avgHash: 0.6562, pHash: 0.5000, filenameBoost: 0.0000)
2026/01/22 10:30:20 Match found: /Users/z/Downloads/VB/TESTS/new_F100/000058350003.jpg (score: 0.5109, avgHash: 0.6094, pHash: 0.4688, filenameBoost: 0.0000)
2026/01/22 10:30:20 Match found: /Users/z/Downloads/VB/TESTS/new_F100/000058370008.jpg (score: 0.5203, avgHash: 0.6406, pHash: 0.4688, filenameBoost: 0.0000)
2026/01/22 10:30:20 Match found: /Users/z/Downloads/VB/TESTS/new_F100/000058350002.jpg (score: 0.5469, avgHash: 0.4375, pHash: 0.5938, filenameBoost: 0.0000)
2026/01/22 10:30:20 Near miss: /Users/z/Downloads/VB/TESTS/new_F100/000058370004.jpg (score: 0.4797, avgHash: 0.3594, pHash: 0.5312, filenameBoost: 0.0000)
2026/01/22 10:30:20 Match found: /Users/z/Downloads/VB/TESTS/new_F100/000058350025.jpg (score: 0.5281, avgHash: 0.3750, pHash: 0.5938, filenameBoost: 0.0000)
2026/01/22 10:30:20 Match found: /Users/z/Downloads/VB/TESTS/new_F100/000058370027.jpg (score: 0.8375, avgHash: 0.9688, pHash: 0.7812, filenameBoost: 0.0000)
2026/01/22 10:30:20 Match found: /Users/z/Downloads/VB/TESTS/new_F100/000058370019.jpg (score: 0.6062, avgHash: 0.7812, pHash: 0.5312, filenameBoost: 0.0000)
2026/01/22 10:30:20 Match found: /Users/z/Downloads/VB/TESTS/new_F100/000058370002.jpg (score: 0.6156, avgHash: 0.5938, pHash: 0.6250, filenameBoost: 0.0000)
2026/01/22 10:30:20 Match found: /Users/z/Downloads/VB/TESTS/new_F100/000058370028.jpg (score: 0.7562, avgHash: 0.8438, pHash: 0.7188, filenameBoost: 0.0000)
2026/01/22 10:30:20 Match found: /Users/z/Downloads/VB/TESTS/new_F100/000058370009.jpg (score: 0.5109, avgHash: 0.6094, pHash: 0.4688, filenameBoost: 0.0000)
2026/01/22 10:30:20 Near miss: /Users/z/Downloads/VB/TESTS/new_F100/000058370014.jpg (score: 0.4844, avgHash: 0.5938, pHash: 0.4375, filenameBoost: 0.0000)
2026/01/22 10:30:20 Near miss: /Users/z/Downloads/VB/TESTS/new_F100/000058370015.jpg (score: 0.4797, avgHash: 0.5781, pHash: 0.4375, filenameBoost: 0.0000)
2026/01/22 10:30:20 Match found: /Users/z/Downloads/VB/TESTS/new_F100/000058370030.jpg (score: 1.1500, avgHash: 1.0000, pHash: 1.0000, filenameBoost: 0.1500)
2026/01/22 10:30:20 Match found: /Users/z/Downloads/VB/TESTS/new_F100/000058370016.jpg (score: 0.6422, avgHash: 0.8281, pHash: 0.5625, filenameBoost: 0.0000)
2026/01/22 10:30:20 Match found: /Users/z/Downloads/VB/TESTS/new_F100/000058370025.jpg (score: 0.7406, avgHash: 0.9375, pHash: 0.6562, filenameBoost: 0.0000)
2026/01/22 10:30:20 Match found: /Users/z/Downloads/VB/TESTS/new_F100/000058370026.jpg (score: 0.7844, avgHash: 0.9375, pHash: 0.7188, filenameBoost: 0.0000)
2026/01/22 10:30:20 Match found: /Users/z/Downloads/VB/TESTS/new_F100/000058350030.jpg (score: 0.5312, avgHash: 0.5312, pHash: 0.5312, filenameBoost: 0.0000)
2026/01/22 10:30:20 Near miss: /Users/z/Downloads/VB/TESTS/new_F100/000058370023.jpg (score: 0.4984, avgHash: 0.4219, pHash: 0.5312, filenameBoost: 0.0000)
2026/01/22 10:30:20 Match found: /Users/z/Downloads/VB/TESTS/new_F100/000058370034.jpg (score: 0.5797, avgHash: 0.7656, pHash: 0.5000, filenameBoost: 0.0000)
2026/01/22 10:30:20 Match found: /Users/z/Downloads/VB/TESTS/new_F100/000058370032.jpg (score: 0.6375, avgHash: 0.8125, pHash: 0.5625, filenameBoost: 0.0000)
2026/01/22 10:30:20 INFO: Found 28 matches above threshold 0.50
2026/01/22 10:30:39 --- ImageFinder Debug Log Started at 2026-01-22T10:30:39+09:00 ---
2026/01/22 10:30:39 INFO: Searching for similar images to /Users/z/Downloads/VB/TESTS/lowres_samples/000058370030_small.jpg with threshold 0.800000
2026/01/22 10:30:39 INFO: Registered specialized CR3ExiftoolLoader
2026/01/22 10:30:39 INFO: Query image hashes: avgHash=000000183c7c7c7c, pHash=d834639e9dc936c2
2026/01/22 10:30:39 Near miss: /Users/z/Downloads/VB/TESTS/new_F100/000058350007.jpg (score: 0.5328, avgHash: 0.6094, pHash: 0.5000, filenameBoost: 0.0000)
2026/01/22 10:30:39 Near miss: /Users/z/Downloads/VB/TESTS/new_F100/000058350015.jpg (score: 0.4656, avgHash: 0.3125, pHash: 0.5312, filenameBoost: 0.0000)
2026/01/22 10:30:39 Near miss: /Users/z/Downloads/VB/TESTS/new_F100/000058360018.jpg (score: 0.6328, avgHash: 0.7969, pHash: 0.5625, filenameBoost: 0.0000)
2026/01/22 10:30:39 Near miss: /Users/z/Downloads/VB/TESTS/new_F100/000058370036.jpg (score: 0.5750, avgHash: 0.7500, pHash: 0.5000, filenameBoost: 0.0000)
2026/01/22 10:30:39 Near miss: /Users/z/Downloads/VB/TESTS/new_F100/000058360036.jpg (score: 0.5797, avgHash: 0.5469, pHash: 0.5938, filenameBoost: 0.0000)
2026/01/22 10:30:39 Near miss: /Users/z/Downloads/VB/TESTS/new_F100/000058350032.jpg (score: 0.5422, avgHash: 0.4219, pHash: 0.5938, filenameBoost: 0.0000)
2026/01/22 10:30:39 Near miss: /Users/z/Downloads/VB/TESTS/new_F100/000058360022.jpg (score: 0.5922, avgHash: 0.5156, pHash: 0.6250, filenameBoost: 0.0000)
2026/01/22 10:30:39 Near miss: /Users/z/Downloads/VB/TESTS/new_F100/000058360023.jpg (score: 0.4687, avgHash: 0.6875, pHash: 0.3750, filenameBoost: 0.0000)
2026/01/22 10:30:39 Near miss: /Users/z/Downloads/VB/TESTS/new_F100/000058360019.jpg (score: 0.6547, avgHash: 0.7969, pHash: 0.5938, filenameBoost: 0.0000)
2026/01/22 10:30:39 Near miss: /Users/z/Downloads/VB/TESTS/new_F100/000058360021.jpg (score: 0.5187, avgHash: 0.5625, pHash: 0.5000, filenameBoost: 0.0000)
2026/01/22 10:30:39 Near miss: /Users/z/Downloads/VB/TESTS/new_F100/000058350001.jpg (score: 0.5563, avgHash: 0.6875, pHash: 0.5000, filenameBoost: 0.0000)
2026/01/22 10:30:39 Near miss: /Users/z/Downloads/VB/TESTS/new_F100/000058360027.jpg (score: 0.5906, avgHash: 0.6562, pHash: 0.5625, filenameBoost: 0.0000)
2026/01/22 10:30:39 Near miss: /Users/z/Downloads/VB/TESTS/new_F100/000058360029.jpg (score: 0.5375, avgHash: 0.6250, pHash: 0.5000, filenameBoost: 0.0000)
2026/01/22 10:30:39 Near miss: /Users/z/Downloads/VB/TESTS/new_F100/000058360030.jpg (score: 0.5469, avgHash: 0.6562, pHash: 0.5000, filenameBoost: 0.0000)
2026/01/22 10:30:39 Near miss: /Users/z/Downloads/VB/TESTS/new_F100/000058350003.jpg (score: 0.5109, avgHash: 0.6094, pHash: 0.4688, filenameBoost: 0.0000)
2026/01/22 10:30:39 Near miss: /Users/z/Downloads/VB/TESTS/new_F100/000058370008.jpg (score: 0.5203, avgHash: 0.6406, pHash: 0.4688, filenameBoost: 0.0000)
2026/01/22 10:30:39 Near miss: /Users/z/Downloads/VB/TESTS/new_F100/000058350002.jpg (score: 0.5469, avgHash: 0.4375, pHash: 0.5938, filenameBoost: 0.0000)
2026/01/22 10:30:39 Near miss: /Users/z/Downloads/VB/TESTS/new_F100/000058370004.jpg (score: 0.4797, avgHash: 0.3594, pHash: 0.5312, filenameBoost: 0.0000)
2026/01/22 10:30:39 Near miss: /Users/z/Downloads/VB/TESTS/new_F100/000058350025.jpg (score: 0.5281, avgHash: 0.3750, pHash: 0.5938, filenameBoost: 0.0000)
2026/01/22 10:30:39 Match found: /Users/z/Downloads/VB/TESTS/new_F100/000058370027.jpg (score: 0.8375, avgHash: 0.9688, pHash: 0.7812, filenameBoost: 0.0000)
2026/01/22 10:30:39 Near miss: /Users/z/Downloads/VB/TESTS/new_F100/000058370019.jpg (score: 0.6062, avgHash: 0.7812, pHash: 0.5312, filenameBoost: 0.0000)
2026/01/22 10:30:39 Near miss: /Users/z/Downloads/VB/TESTS/new_F100/000058370002.jpg (score: 0.6156, avgHash: 0.5938, pHash: 0.6250, filenameBoost: 0.0000)
2026/01/22 10:30:39 Near miss: /Users/z/Downloads/VB/TESTS/new_F100/000058370028.jpg (score: 0.7562, avgHash: 0.8438, pHash: 0.7188, filenameBoost: 0.0000)
2026/01/22 10:30:39 Near miss: /Users/z/Downloads/VB/TESTS/new_F100/000058370009.jpg (score: 0.5109, avgHash: 0.6094, pHash: 0.4688, filenameBoost: 0.0000)
2026/01/22 10:30:39 Near miss: /Users/z/Downloads/VB/TESTS/new_F100/000058370014.jpg (score: 0.4844, avgHash: 0.5938, pHash: 0.4375, filenameBoost: 0.0000)
2026/01/22 10:30:39 Near miss: /Users/z/Downloads/VB/TESTS/new_F100/000058370015.jpg (score: 0.4797, avgHash: 0.5781, pHash: 0.4375, filenameBoost: 0.0000)
2026/01/22 10:30:39 Match found: /Users/z/Downloads/VB/TESTS/new_F100/000058370030.jpg (score: 1.1500, avgHash: 1.0000, pHash: 1.0000, filenameBoost: 0.1500)
2026/01/22 10:30:39 Near miss: /Users/z/Downloads/VB/TESTS/new_F100/000058370016.jpg (score: 0.6422, avgHash: 0.8281, pHash: 0.5625, filenameBoost: 0.0000)
2026/01/22 10:30:39 Near miss: /Users/z/Downloads/VB/TESTS/new_F100/000058370025.jpg (score: 0.7406, avgHash: 0.9375, pHash: 0.6562, filenameBoost: 0.0000)
2026/01/22 10:30:39 Near miss: /Users/z/Downloads/VB/TESTS/new_F100/000058370026.jpg (score: 0.7844, avgHash: 0.9375, pHash: 0.7188, filenameBoost: 0.0000)
2026/01/22 10:30:39 Near miss: /Users/z/Downloads/VB/TESTS/new_F100/000058350030.jpg (score: 0.5312, avgHash: 0.5312, pHash: 0.5312, filenameBoost: 0.0000)
2026/01/22 10:30:39 Near miss: /Users/z/Downloads/VB/TESTS/new_F100/000058370023.jpg (score: 0.4984, avgHash: 0.4219, pHash: 0.5312, filenameBoost: 0.0000)
2026/01/22 10:30:39 Near miss: /Users/z/Downloads/VB/TESTS/new_F100/000058370034.jpg (score: 0.5797, avgHash: 0.7656, pHash: 0.5000, filenameBoost: 0.0000)
2026/01/22 10:30:39 Near miss: /Users/z/Downloads/VB/TESTS/new_F100/000058370032.jpg (score: 0.6375, avgHash: 0.8125, pHash: 0.5625, filenameBoost: 0.0000)
2026/01/22 10:30:39 INFO: Found 2 matches above threshold 0.80
2026/01/22 10:31:07 --- ImageFinder Debug Log Started at 2026-01-22T10:31:07+09:00 ---
2026/01/22 10:31:07 INFO: Searching for similar images to /Users/z/Downloads/VB/TESTS/lowres_samples/000058350016_thumb.jpg with threshold 0.800000
2026/01/22 10:31:07 INFO: Registered specialized CR3ExiftoolLoader
2026/01/22 10:31:07 INFO: Query image hashes: avgHash=f8fc7e0e0f010103, pHash=98d06d6e356d2f14
2026/01/22 10:31:07 Near miss: /Users/z/Downloads/VB/TESTS/new_F100/000058350007.jpg (score: 0.5906, avgHash: 0.6562, pHash: 0.5625, filenameBoost: 0.0000)
2026/01/22 10:31:07 Match found: /Users/z/Downloads/VB/TESTS/new_F100/000058350015.jpg (score: 0.9297, avgHash: 0.9844, pHash: 0.9062, filenameBoost: 0.0000)
2026/01/22 10:31:07 Near miss: /Users/z/Downloads/VB/TESTS/new_F100/000058360007.jpg (score: 0.5578, avgHash: 0.5469, pHash: 0.5625, filenameBoost: 0.0000)
2026/01/22 10:31:07 Near miss: /Users/z/Downloads/VB/TESTS/new_F100/000058360018.jpg (score: 0.4750, avgHash: 0.3438, pHash: 0.5312, filenameBoost: 0.0000)
2026/01/22 10:31:07 Near miss: /Users/z/Downloads/VB/TESTS/new_F100/000058370036.jpg (score: 0.5797, avgHash: 0.5469, pHash: 0.5938, filenameBoost: 0.0000)
2026/01/22 10:31:07 Near miss: /Users/z/Downloads/VB/TESTS/new_F100/000058360036.jpg (score: 0.5094, avgHash: 0.5312, pHash: 0.5000, filenameBoost: 0.0000)
2026/01/22 10:31:07 Near miss: /Users/z/Downloads/VB/TESTS/new_F100/000058350032.jpg (score: 0.5687, avgHash: 0.6562, pHash: 0.5312, filenameBoost: 0.0000)
2026/01/22 10:31:07 Near miss: /Users/z/Downloads/VB/TESTS/new_F100/000058360022.jpg (score: 0.5656, avgHash: 0.5000, pHash: 0.5938, filenameBoost: 0.0000)
2026/01/22 10:31:07 Near miss: /Users/z/Downloads/VB/TESTS/new_F100/000058360023.jpg (score: 0.5453, avgHash: 0.5781, pHash: 0.5312, filenameBoost: 0.0000)
2026/01/22 10:31:07 Near miss: /Users/z/Downloads/VB/TESTS/new_F100/000058360019.jpg (score: 0.4875, avgHash: 0.3125, pHash: 0.5625, filenameBoost: 0.0000)
2026/01/22 10:31:07 Near miss: /Users/z/Downloads/VB/TESTS/new_F100/000058360021.jpg (score: 0.5391, avgHash: 0.4844, pHash: 0.5625, filenameBoost: 0.0000)
2026/01/22 10:31:07 Near miss: /Users/z/Downloads/VB/TESTS/new_F100/000058360001.jpg (score: 0.6078, avgHash: 0.6406, pHash: 0.5938, filenameBoost: 0.0000)
2026/01/22 10:31:07 Near miss: /Users/z/Downloads/VB/TESTS/new_F100/000058360002.jpg (score: 0.5563, avgHash: 0.6875, pHash: 0.5000, filenameBoost: 0.0000)
2026/01/22 10:31:07 Near miss: /Users/z/Downloads/VB/TESTS/new_F100/000058360027.jpg (score: 0.5672, avgHash: 0.5781, pHash: 0.5625, filenameBoost: 0.0000)
2026/01/22 10:31:07 Near miss: /Users/z/Downloads/VB/TESTS/new_F100/000058360009.jpg (score: 0.6359, avgHash: 0.7344, pHash: 0.5938, filenameBoost: 0.0000)
2026/01/22 10:31:07 Near miss: /Users/z/Downloads/VB/TESTS/new_F100/000058360025.jpg (score: 0.6500, avgHash: 0.7812, pHash: 0.5938, filenameBoost: 0.0000)
2026/01/22 10:31:07 Near miss: /Users/z/Downloads/VB/TESTS/new_F100/000058360026.jpg (score: 0.5375, avgHash: 0.6250, pHash: 0.5000, filenameBoost: 0.0000)
2026/01/22 10:31:07 Near miss: /Users/z/Downloads/VB/TESTS/new_F100/000058360028.jpg (score: 0.5391, avgHash: 0.4844, pHash: 0.5625, filenameBoost: 0.0000)
2026/01/22 10:31:07 Near miss: /Users/z/Downloads/VB/TESTS/new_F100/000058360029.jpg (score: 0.5578, avgHash: 0.5469, pHash: 0.5625, filenameBoost: 0.0000)
2026/01/22 10:31:07 Near miss: /Users/z/Downloads/VB/TESTS/new_F100/000058370008.jpg (score: 0.6062, avgHash: 0.5625, pHash: 0.6250, filenameBoost: 0.0000)
2026/01/22 10:31:07 Near miss: /Users/z/Downloads/VB/TESTS/new_F100/000058370001.jpg (score: 0.6047, avgHash: 0.7031, pHash: 0.5625, filenameBoost: 0.0000)
2026/01/22 10:31:07 Near miss: /Users/z/Downloads/VB/TESTS/new_F100/000058350002.jpg (score: 0.5109, avgHash: 0.6094, pHash: 0.4688, filenameBoost: 0.0000)
2026/01/22 10:31:07 Near miss: /Users/z/Downloads/VB/TESTS/new_F100/000058370004.jpg (score: 0.5375, avgHash: 0.6250, pHash: 0.5000, filenameBoost: 0.0000)
2026/01/22 10:31:07 Near miss: /Users/z/Downloads/VB/TESTS/new_F100/000058350027.jpg (score: 0.5984, avgHash: 0.6094, pHash: 0.5938, filenameBoost: 0.0000)
2026/01/22 10:31:07 Near miss: /Users/z/Downloads/VB/TESTS/new_F100/000058370006.jpg (score: 0.5641, avgHash: 0.6406, pHash: 0.5312, filenameBoost: 0.0000)
2026/01/22 10:31:07 Near miss: /Users/z/Downloads/VB/TESTS/new_F100/000058350025.jpg (score: 0.6672, avgHash: 0.7656, pHash: 0.6250, filenameBoost: 0.0000)
2026/01/22 10:31:07 Near miss: /Users/z/Downloads/VB/TESTS/new_F100/000058370003.jpg (score: 0.6359, avgHash: 0.7344, pHash: 0.5938, filenameBoost: 0.0000)
2026/01/22 10:31:07 Near miss: /Users/z/Downloads/VB/TESTS/new_F100/000058370027.jpg (score: 0.4797, avgHash: 0.3594, pHash: 0.5312, filenameBoost: 0.0000)
2026/01/22 10:31:07 Near miss: /Users/z/Downloads/VB/TESTS/new_F100/000058370002.jpg (score: 0.5359, avgHash: 0.5469, pHash: 0.5312, filenameBoost: 0.0000)
2026/01/22 10:31:07 Near miss: /Users/z/Downloads/VB/TESTS/new_F100/000058370022.jpg (score: 0.6078, avgHash: 0.6406, pHash: 0.5938, filenameBoost: 0.0000)
2026/01/22 10:31:07 Near miss: /Users/z/Downloads/VB/TESTS/new_F100/000058370028.jpg (score: 0.5641, avgHash: 0.4219, pHash: 0.6250, filenameBoost: 0.0000)
2026/01/22 10:31:07 Near miss: /Users/z/Downloads/VB/TESTS/new_F100/000058350026.jpg (score: 0.5109, avgHash: 0.6094, pHash: 0.4688, filenameBoost: 0.0000)
2026/01/22 10:31:07 Near miss: /Users/z/Downloads/VB/TESTS/new_F100/000058370009.jpg (score: 0.5562, avgHash: 0.4688, pHash: 0.5938, filenameBoost: 0.0000)
2026/01/22 10:31:07 Near miss: /Users/z/Downloads/VB/TESTS/new_F100/000058370014.jpg (score: 0.5203, avgHash: 0.6406, pHash: 0.4688, filenameBoost: 0.0000)
2026/01/22 10:31:07 Near miss: /Users/z/Downloads/VB/TESTS/new_F100/000058370015.jpg (score: 0.5344, avgHash: 0.6875, pHash: 0.4688, filenameBoost: 0.0000)
2026/01/22 10:31:07 Near miss: /Users/z/Downloads/VB/TESTS/new_F100/000058370030.jpg (score: 0.5141, avgHash: 0.3281, pHash: 0.5938, filenameBoost: 0.0000)
2026/01/22 10:31:07 Near miss: /Users/z/Downloads/VB/TESTS/new_F100/000058370016.jpg (score: 0.6031, avgHash: 0.4062, pHash: 0.6875, filenameBoost: 0.0000)
2026/01/22 10:31:07 Near miss: /Users/z/Downloads/VB/TESTS/new_F100/000058370024.jpg (score: 0.6031, avgHash: 0.6250, pHash: 0.5938, filenameBoost: 0.0000)
2026/01/22 10:31:07 Near miss: /Users/z/Downloads/VB/TESTS/new_F100/000058370026.jpg (score: 0.5016, avgHash: 0.3594, pHash: 0.5625, filenameBoost: 0.0000)
2026/01/22 10:31:07 Near miss: /Users/z/Downloads/VB/TESTS/new_F100/000058350030.jpg (score: 0.5391, avgHash: 0.4844, pHash: 0.5625, filenameBoost: 0.0000)
2026/01/22 10:31:07 Near miss: /Users/z/Downloads/VB/TESTS/new_F100/000058370023.jpg (score: 0.6156, avgHash: 0.5938, pHash: 0.6250, filenameBoost: 0.0000)
2026/01/22 10:31:07 Near miss: /Users/z/Downloads/VB/TESTS/new_F100/000058370034.jpg (score: 0.5219, avgHash: 0.5000, pHash: 0.5312, filenameBoost: 0.0000)
2026/01/22 10:31:07 INFO: Found 1 matches above threshold 0.80
